#-----------------------------------------------------------
# Vivado v2024.1 (64-bit)
# SW Build 5076996 on Wed May 22 18:37:14 MDT 2024
# IP Build 5075265 on Wed May 22 21:45:21 MDT 2024
# SharedData Build 5076995 on Wed May 22 18:29:18 MDT 2024
# Start of session at: Sat Nov 15 16:44:35 2025
# Process ID: 2220
# Current directory: D:/FACULTATE/facultate/anul3/sem1/SSC/proiect/utcn-bounding-box-detection-on-PYNQ-Z1/PL/PL.runs/design_1_ccl_slice_core_2_0_synth_1
# Command line: vivado.exe -log design_1_ccl_slice_core_2_0.vds -product Vivado -mode batch -messageDb vivado.pb -notrace -source design_1_ccl_slice_core_2_0.tcl
# Log file: D:/FACULTATE/facultate/anul3/sem1/SSC/proiect/utcn-bounding-box-detection-on-PYNQ-Z1/PL/PL.runs/design_1_ccl_slice_core_2_0_synth_1/design_1_ccl_slice_core_2_0.vds
# Journal file: D:/FACULTATE/facultate/anul3/sem1/SSC/proiect/utcn-bounding-box-detection-on-PYNQ-Z1/PL/PL.runs/design_1_ccl_slice_core_2_0_synth_1\vivado.jou
# Running On        :POWERSLAVE
# Platform          :Windows Server 2016 or Windows 10
# Operating System  :26100
# Processor Detail  :AMD Ryzen 5 3600 6-Core Processor              
# CPU Frequency     :3593 MHz
# CPU Physical cores:6
# CPU Logical cores :12
# Host memory       :34305 MB
# Swap memory       :2147 MB
# Total Virtual     :36452 MB
# Available Virtual :17958 MB
#-----------------------------------------------------------
source design_1_ccl_slice_core_2_0.tcl -notrace
